174.230.8.68 - - [02/Dec/2018:18:04:57 -0500] "GET /IMG_0143.jpg HTTP/1.1" 200 175377 "https://www.bing.com/" "Mozilla/5.0 (iPad; CPU OS 11_4_1 like Mac OS X) AppleWebKit/600.1.4 (KHTML, like Gecko) GSA/9.0.60246 Mobile/15G77 Safari/600.1.4"
162.246.102.58 - - [02/Dec/2018:18:04:57 -0500] "GET /archive/2002/c051402/etaphro062001ps0226.jpg HTTP/1.1" 200 172843 "-" "Mozilla/5.0 (Macintosh; Intel Mac OS X 10.13; rv:63.0) Gecko/20100101 Firefox/63.0"
162.246.102.58 - - [02/Dec/2018:18:04:57 -0500] "GET /archive/2001/c102101/paulabirthday04.jpg HTTP/1.1" 200 77704 "-" "Mozilla/5.0 (Macintosh; Intel Mac OS X 10.13; rv:63.0) Gecko/20100101 Firefox/63.0"
162.246.102.58 - - [02/Dec/2018:18:04:57 -0500] "GET /archive/2002/c051602/etaphro062001ps0228.jpg HTTP/1.1" 200 131250 "-" "Mozilla/5.0 (Macintosh; Intel Mac OS X 10.13; rv:63.0) Gecko/20100101 Firefox/63.0"
69.143.227.164 - - [02/Dec/2018:18:04:57 -0500] "GET /image.jpg HTTP/1.1" 200 133275 "http://www.nudistfun.com/" "Mozilla/5.0 (iPad; CPU OS 12_0 like Mac OS X) AppleWebKit/605.1.15 (KHTML, like Gecko) CriOS/70.0.3538.75 Mobile/15E148 Safari/605.1"
69.143.227.164 - - [02/Dec/2018:18:04:57 -0500] "GET /nudist%20girls%20painting%20a.jpg HTTP/1.1" 200 69345 "http://www.nudistfun.com/" "Mozilla/5.0 (iPad; CPU OS 12_0 like Mac OS X) AppleWebKit/605.1.15 (KHTML, like Gecko) CriOS/70.0.3538.75 Mobile/15E148 Safari/605.1"
69.143.227.164 - - [02/Dec/2018:18:04:57 -0500] "GET /FamilyPageant1_0020b.jpg HTTP/1.1" 200 404744 "http://www.nudistfun.com/" "Mozilla/5.0 (iPad; CPU OS 12_0 like Mac OS X) AppleWebKit/605.1.15 (KHTML, like Gecko) CriOS/70.0.3538.75 Mobile/15E148 Safari/605.1"
69.143.227.164 - - [02/Dec/2018:18:04:57 -0500] "GET /wildlagoon00005.jpg HTTP/1.1" 200 614831 "http://www.nudistfun.com/" "Mozilla/5.0 (iPad; CPU OS 12_0 like Mac OS X) AppleWebKit/605.1.15 (KHTML, like Gecko) CriOS/70.0.3538.75 Mobile/15E148 Safari/605.1"
162.246.102.58 - - [02/Dec/2018:18:04:57 -0500] "GET /archive/2001/c080801/gina407c.jpg HTTP/1.1" 200 69201 "-" "Mozilla/5.0 (Macintosh; Intel Mac OS X 10.13; rv:63.0) Gecko/20100101 Firefox/63.0"
69.143.227.164 - - [02/Dec/2018:18:04:58 -0500] "GET /IMG_0b217_small.jpg HTTP/1.1" 200 20548 "http://www.nudistfun.com/" "Mozilla/5.0 (iPad; CPU OS 12_0 like Mac OS X) AppleWebKit/605.1.15 (KHTML, like Gecko) CriOS/70.0.3538.75 Mobile/15E148 Safari/605.1"
69.143.227.164 - - [02/Dec/2018:18:04:58 -0500] "GET /IMG_01b75_small.jpg HTTP/1.1" 200 22757 "http://www.nudistfun.com/" "Mozilla/5.0 (iPad; CPU OS 12_0 like Mac OS X) AppleWebKit/605.1.15 (KHTML, like Gecko) CriOS/70.0.3538.75 Mobile/15E148 Safari/605.1"
69.143.227.164 - - [02/Dec/2018:18:04:58 -0500] "GET /IMG_0249_small.jpg HTTP/1.1" 200 21710 "http://www.nudistfun.com/" "Mozilla/5.0 (iPad; CPU OS 12_0 like Mac OS X) AppleWebKit/605.1.15 (KHTML, like Gecko) CriOS/70.0.3538.75 Mobile/15E148 Safari/605.1"
69.143.227.164 - - [02/Dec/2018:18:04:58 -0500] "GET /P7310485_small.jpg HTTP/1.1" 200 10335 "http://www.nudistfun.com/" "Mozilla/5.0 (iPad; CPU OS 12_0 like Mac OS X) AppleWebKit/605.1.15 (KHTML, like Gecko) CriOS/70.0.3538.75 Mobile/15E148 Safari/605.1"
69.143.227.164 - - [02/Dec/2018:18:04:58 -0500] "GET /DSC00231_small.JPG HTTP/1.1" 200 15971 "http://www.nudistfun.com/" "Mozilla/5.0 (iPad; CPU OS 12_0 like Mac OS X) AppleWebKit/605.1.15 (KHTML, like Gecko) CriOS/70.0.3538.75 Mobile/15E148 Safari/605.1"
69.143.227.164 - - [02/Dec/2018:18:04:58 -0500] "GET /Welcome_0021%20from%20Enature%20Images%201_small.jpg HTTP/1.1" 200 20467 "http://www.nudistfun.com/" "Mozilla/5.0 (iPad; CPU OS 12_0 like Mac OS X) AppleWebKit/605.1.15 (KHTML, like Gecko) CriOS/70.0.3538.75 Mobile/15E148 Safari/605.1"
69.143.227.164 - - [02/Dec/2018:18:04:58 -0500] "GET /Royal_0002_small.JPG HTTP/1.1" 200 24110 "http://www.nudistfun.com/" "Mozilla/5.0 (iPad; CPU OS 12_0 like Mac OS X) AppleWebKit/605.1.15 (KHTML, like Gecko) CriOS/70.0.3538.75 Mobile/15E148 Safari/605.1"
69.143.227.164 - - [02/Dec/2018:18:04:58 -0500] "GET /photogallery/photo16615/IMG_0110.jpg HTTP/1.1" 200 15691 "http://www.nudistfun.com/" "Mozilla/5.0 (iPad; CPU OS 12_0 like Mac OS X) AppleWebKit/605.1.15 (KHTML, like Gecko) CriOS/70.0.3538.75 Mobile/15E148 Safari/605.1"
69.143.227.164 - - [02/Dec/2018:18:04:58 -0500] "GET /nudistvideoclub_ob219_small.jpg HTTP/1.1" 200 10764 "http://www.nudistfun.com/" "Mozilla/5.0 (iPad; CPU OS 12_0 like Mac OS X) AppleWebKit/605.1.15 (KHTML, like Gecko) CriOS/70.0.3538.75 Mobile/15E148 Safari/605.1"
69.143.227.164 - - [02/Dec/2018:18:04:58 -0500] "GET /archive/2006/b011806/RealNudists-BW003.jpg HTTP/1.1" 200 110972 "http://www.nudistfun.com/" "Mozilla/5.0 (iPad; CPU OS 12_0 like Mac OS X) AppleWebKit/605.1.15 (KHTML, like Gecko) CriOS/70.0.3538.75 Mobile/15E148 Safari/605.1"
37.186.6.156 - - [02/Dec/2018:18:04:58 -0500] "GET /magazines/bn135/index.html HTTP/1.1" 200 1943 "http://www.nudistfun.com/magazines/index.html" "Mozilla/5.0 (Windows NT 10.0; Win64; x64; rv:63.0) Gecko/20100101 Firefox/63.0"
69.143.227.164 - - [02/Dec/2018:18:04:58 -0500] "GET /videos/Fun-Beach02.jpg HTTP/1.1" 200 49490 "http://www.nudistfun.com/" "Mozilla/5.0 (iPad; CPU OS 12_0 like Mac OS X) AppleWebKit/605.1.15 (KHTML, like Gecko) CriOS/70.0.3538.75 Mobile/15E148 Safari/605.1"
69.143.227.164 - - [02/Dec/2018:18:04:58 -0500] "GET /etvnf.jpg HTTP/1.1" 200 83007 "http://www.nudistfun.com/" "Mozilla/5.0 (iPad; CPU OS 12_0 like Mac OS X) AppleWebKit/605.1.15 (KHTML, like Gecko) CriOS/70.0.3538.75 Mobile/15E148 Safari/605.1"
69.143.227.164 - - [02/Dec/2018:18:04:58 -0500] "GET /enature_image.jpg HTTP/1.1" 200 97414 "http://www.nudistfun.com/" "Mozilla/5.0 (iPad; CPU OS 12_0 like Mac OS X) AppleWebKit/605.1.15 (KHTML, like Gecko) CriOS/70.0.3538.75 Mobile/15E148 Safari/605.1"
69.143.227.164 - - [02/Dec/2018:18:04:58 -0500] "GET /smallnudistvideoclub_oa156.jpg HTTP/1.1" 200 111989 "http://www.nudistfun.com/" "Mozilla/5.0 (iPad; CPU OS 12_0 like Mac OS X) AppleWebKit/605.1.15 (KHTML, like Gecko) CriOS/70.0.3538.75 Mobile/15E148 Safari/605.1"
69.143.227.164 - - [02/Dec/2018:18:04:58 -0500] "GET /Azov1Smallb.jpg HTTP/1.1" 200 17986 "http://www.nudistfun.com/" "Mozilla/5.0 (iPad; CPU OS 12_0 like Mac OS X) AppleWebKit/605.1.15 (KHTML, like Gecko) CriOS/70.0.3538.75 Mobile/15E148 Safari/605.1"
69.143.227.164 - - [02/Dec/2018:18:04:58 -0500] "GET /openingpg/background.jpg HTTP/1.1" 200 4347 "http://www.nudistfun.com/" "Mozilla/5.0 (iPad; CPU OS 12_0 like Mac OS X) AppleWebKit/605.1.15 (KHTML, like Gecko) CriOS/70.0.3538.75 Mobile/15E148 Safari/605.1"
37.186.6.156 - - [02/Dec/2018:18:04:58 -0500] "GET /magazines/bn135/tn_Bn135-01_jpg.jpg HTTP/1.1" 200 2316 "http://www.nudistfun.com/magazines/bn135/index.html" "Mozilla/5.0 (Windows NT 10.0; Win64; x64; rv:63.0) Gecko/20100101 Firefox/63.0"
37.186.6.156 - - [02/Dec/2018:18:04:58 -0500] "GET /magazines/bn135/tn_Bn135-02_jpg.jpg HTTP/1.1" 200 2787 "http://www.nudistfun.com/magazines/bn135/index.html" "Mozilla/5.0 (Windows NT 10.0; Win64; x64; rv:63.0) Gecko/20100101 Firefox/63.0"
37.186.6.156 - - [02/Dec/2018:18:04:59 -0500] "GET /magazines/bn135/tn_Bn135-03_jpg.jpg HTTP/1.1" 200 2370 "http://www.nudistfun.com/magazines/bn135/index.html" "Mozilla/5.0 (Windows NT 10.0; Win64; x64; rv:63.0) Gecko/20100101 Firefox/63.0"
37.186.6.156 - - [02/Dec/2018:18:04:59 -0500] "GET /magazines/bn135/tn_Bn135-04_jpg.jpg HTTP/1.1" 200 2177 "http://www.nudistfun.com/magazines/bn135/index.html" "Mozilla/5.0 (Windows NT 10.0; Win64; x64; rv:63.0) Gecko/20100101 Firefox/63.0"
37.186.6.156 - - [02/Dec/2018:18:04:59 -0500] "GET /magazines/bn135/tn_Bn135-05_jpg.jpg HTTP/1.1" 200 2754 "http://www.nudistfun.com/magazines/bn135/index.html" "Mozilla/5.0 (Windows NT 10.0; Win64; x64; rv:63.0) Gecko/20100101 Firefox/63.0"
194.1.230.240 - - [02/Dec/2018:18:04:59 -0500] "GET /nudistvideoclub_oa155_small.jpg HTTP/1.1" 200 8903 "https://www.google.sk/" "Mozilla/5.0 (Windows NT 10.0; Win64; x64; rv:63.0) Gecko/20100101 Firefox/63.0"
37.186.6.156 - - [02/Dec/2018:18:04:59 -0500] "GET /magazines/bn135/tn_Bn135-06_jpg.jpg HTTP/1.1" 200 2277 "http://www.nudistfun.com/magazines/bn135/index.html" "Mozilla/5.0 (Windows NT 10.0; Win64; x64; rv:63.0) Gecko/20100101 Firefox/63.0"
5.173.9.75 - - [02/Dec/2018:18:04:59 -0500] "GET /favicon.ico HTTP/1.1" 404 619 "-" "Mozilla/5.0 (Windows NT 10.0; Win64; x64; rv:63.0) Gecko/20100101 Firefox/63.0"
37.186.6.156 - - [02/Dec/2018:18:04:59 -0500] "GET /magazines/bn135/tn_Bn135-07_jpg.jpg HTTP/1.1" 200 2215 "http://www.nudistfun.com/magazines/bn135/index.html" "Mozilla/5.0 (Windows NT 10.0; Win64; x64; rv:63.0) Gecko/20100101 Firefox/63.0"
37.186.6.156 - - [02/Dec/2018:18:04:59 -0500] "GET /magazines/bn135/tn_Bn135-08_jpg.jpg HTTP/1.1" 200 2749 "http://www.nudistfun.com/magazines/bn135/index.html" "Mozilla/5.0 (Windows NT 10.0; Win64; x64; rv:63.0) Gecko/20100101 Firefox/63.0"
37.186.6.156 - - [02/Dec/2018:18:04:59 -0500] "GET /magazines/bn135/tn_Bn135-09_jpg.jpg HTTP/1.1" 200 2143 "http://www.nudistfun.com/magazines/bn135/index.html" "Mozilla/5.0 (Windows NT 10.0; Win64; x64; rv:63.0) Gecko/20100101 Firefox/63.0"
37.186.6.156 - - [02/Dec/2018:18:05:00 -0500] "GET /magazines/bn135/tn_Bn135-10_jpg.jpg HTTP/1.1" 200 2643 "http://www.nudistfun.com/magazines/bn135/index.html" "Mozilla/5.0 (Windows NT 10.0; Win64; x64; rv:63.0) Gecko/20100101 Firefox/63.0"
37.186.6.156 - - [02/Dec/2018:18:05:00 -0500] "GET /magazines/bn135/tn_Bn135-11_jpg.jpg HTTP/1.1" 200 2412 "http://www.nudistfun.com/magazines/bn135/index.html" "Mozilla/5.0 (Windows NT 10.0; Win64; x64; rv:63.0) Gecko/20100101 Firefox/63.0"
173.172.27.126 - - [02/Dec/2018:18:04:59 -0500] "GET /DontWorry_0005.JPG HTTP/1.1" 200 1738176 "-" "com.google.GoogleMobile/63.0.0 iPhone/11.1.2 hw/iPhone6_1"
37.186.6.156 - - [02/Dec/2018:18:05:00 -0500] "GET /magazines/bn135/tn_Bn135-12_jpg.jpg HTTP/1.1" 200 2561 "http://www.nudistfun.com/magazines/bn135/index.html" "Mozilla/5.0 (Windows NT 10.0; Win64; x64; rv:63.0) Gecko/20100101 Firefox/63.0"
37.186.6.156 - - [02/Dec/2018:18:05:00 -0500] "GET /magazines/bn135/tn_Bn135-13_jpg.jpg HTTP/1.1" 200 2606 "http://www.nudistfun.com/magazines/bn135/index.html" "Mozilla/5.0 (Windows NT 10.0; Win64; x64; rv:63.0) Gecko/20100101 Firefox/63.0"
37.186.6.156 - - [02/Dec/2018:18:05:00 -0500] "GET /magazines/bn135/tn_Bn135-14_jpg.jpg HTTP/1.1" 200 2385 "http://www.nudistfun.com/magazines/bn135/index.html" "Mozilla/5.0 (Windows NT 10.0; Win64; x64; rv:63.0) Gecko/20100101 Firefox/63.0"
37.186.6.156 - - [02/Dec/2018:18:05:00 -0500] "GET /magazines/bn135/tn_Bn135-15_jpg.jpg HTTP/1.1" 200 2939 "http://www.nudistfun.com/magazines/bn135/index.html" "Mozilla/5.0 (Windows NT 10.0; Win64; x64; rv:63.0) Gecko/20100101 Firefox/63.0"
37.186.6.156 - - [02/Dec/2018:18:05:00 -0500] "GET /magazines/bn135/tn_Bn135-16_jpg.jpg HTTP/1.1" 200 2359 "http://www.nudistfun.com/magazines/bn135/index.html" "Mozilla/5.0 (Windows NT 10.0; Win64; x64; rv:63.0) Gecko/20100101 Firefox/63.0"
37.186.6.156 - - [02/Dec/2018:18:05:01 -0500] "GET /magazines/bn135/tn_Bn135-17_jpg.jpg HTTP/1.1" 200 2117 "http://www.nudistfun.com/magazines/bn135/index.html" "Mozilla/5.0 (Windows NT 10.0; Win64; x64; rv:63.0) Gecko/20100101 Firefox/63.0"
37.186.6.156 - - [02/Dec/2018:18:05:01 -0500] "GET /magazines/bn135/tn_Bn135-18_jpg.jpg HTTP/1.1" 200 2265 "http://www.nudistfun.com/magazines/bn135/index.html" "Mozilla/5.0 (Windows NT 10.0; Win64; x64; rv:63.0) Gecko/20100101 Firefox/63.0"
64.233.173.23 - - [02/Dec/2018:18:05:00 -0500] "GET /videos/2007/naturistgames02.wmv HTTP/1.1" 200 1602340 "http://www.nudistfun.com/videos/index.html" "Mozilla/5.0 (Linux; Android 6.0.1; Redmi Note 3) AppleWebKit/537.36 (KHTML, like Gecko) Chrome/70.0.3538.110 Mobile Safari/537.36"
37.186.6.156 - - [02/Dec/2018:18:05:01 -0500] "GET /magazines/bn135/tn_Bn135-19_jpg.jpg HTTP/1.1" 200 2633 "http://www.nudistfun.com/magazines/bn135/index.html" "Mozilla/5.0 (Windows NT 10.0; Win64; x64; rv:63.0) Gecko/20100101 Firefox/63.0"
37.186.6.156 - - [02/Dec/2018:18:05:01 -0500] "GET /magazines/bn135/tn_Bn135-20_jpg.jpg HTTP/1.1" 200 2520 "http://www.nudistfun.com/magazines/bn135/index.html" "Mozilla/5.0 (Windows NT 10.0; Win64; x64; rv:63.0) Gecko/20100101 Firefox/63.0"
79.115.168.60 - - [02/Dec/2018:18:05:01 -0500] "GET /magazines/index.html HTTP/1.1" 200 1074 "http://www.nudistfun.com/archive/2006/index.html" "Mozilla/5.0 (Linux; Android 7.0; SM-T713) AppleWebKit/537.36 (KHTML, like Gecko) Chrome/70.0.3538.110 Safari/537.36"
37.186.6.156 - - [02/Dec/2018:18:05:01 -0500] "GET /magazines/bn135/tn_Bn135-21_jpg.jpg HTTP/1.1" 200 2246 "http://www.nudistfun.com/magazines/bn135/index.html" "Mozilla/5.0 (Windows NT 10.0; Win64; x64; rv:63.0) Gecko/20100101 Firefox/63.0"
37.186.6.156 - - [02/Dec/2018:18:05:01 -0500] "GET /magazines/bn135/tn_Bn135-22_jpg.jpg HTTP/1.1" 200 2402 "http://www.nudistfun.com/magazines/bn135/index.html" "Mozilla/5.0 (Windows NT 10.0; Win64; x64; rv:63.0) Gecko/20100101 Firefox/63.0"
37.186.6.156 - - [02/Dec/2018:18:05:02 -0500] "GET /magazines/bn135/tn_Bn135-23_jpg.jpg HTTP/1.1" 200 2494 "http://www.nudistfun.com/magazines/bn135/index.html" "Mozilla/5.0 (Windows NT 10.0; Win64; x64; rv:63.0) Gecko/20100101 Firefox/63.0"
37.186.6.156 - - [02/Dec/2018:18:05:02 -0500] "GET /magazines/bn135/Bn135-01.jpg HTTP/1.1" 200 93095 "http://www.nudistfun.com/magazines/bn135/index.html" "Mozilla/5.0 (Windows NT 10.0; Win64; x64; rv:63.0) Gecko/20100101 Firefox/63.0"
37.186.6.156 - - [02/Dec/2018:18:05:02 -0500] "GET /magazines/bn135/tn_Bn135-24_jpg.jpg HTTP/1.1" 200 2195 "http://www.nudistfun.com/magazines/bn135/index.html" "Mozilla/5.0 (Windows NT 10.0; Win64; x64; rv:63.0) Gecko/20100101 Firefox/63.0"
37.186.6.156 - - [02/Dec/2018:18:05:02 -0500] "GET /magazines/bn135/tn_Bn135-25_jpg.jpg HTTP/1.1" 200 2432 "http://www.nudistfun.com/magazines/bn135/index.html" "Mozilla/5.0 (Windows NT 10.0; Win64; x64; rv:63.0) Gecko/20100101 Firefox/63.0"
194.1.230.240 - - [02/Dec/2018:18:05:02 -0500] "GET /nudistvideoclub_oa157_small.jpg HTTP/1.1" 200 15977 "https://www.google.sk/" "Mozilla/5.0 (Windows NT 10.0; Win64; x64; rv:63.0) Gecko/20100101 Firefox/63.0"
37.186.6.156 - - [02/Dec/2018:18:05:02 -0500] "GET /magazines/bn135/tn_Bn135-26_jpg.jpg HTTP/1.1" 200 1965 "http://www.nudistfun.com/magazines/bn135/index.html" "Mozilla/5.0 (Windows NT 10.0; Win64; x64; rv:63.0) Gecko/20100101 Firefox/63.0"
37.186.6.156 - - [02/Dec/2018:18:05:03 -0500] "GET /magazines/bn135/tn_Bn135-27_jpg.jpg HTTP/1.1" 200 2470 "http://www.nudistfun.com/magazines/bn135/index.html" "Mozilla/5.0 (Windows NT 10.0; Win64; x64; rv:63.0) Gecko/20100101 Firefox/63.0"
37.186.6.156 - - [02/Dec/2018:18:05:03 -0500] "GET /magazines/bn135/tn_Bn135-28_jpg.jpg HTTP/1.1" 200 2732 "http://www.nudistfun.com/magazines/bn135/index.html" "Mozilla/5.0 (Windows NT 10.0; Win64; x64; rv:63.0) Gecko/20100101 Firefox/63.0"
37.186.6.156 - - [02/Dec/2018:18:05:03 -0500] "GET /magazines/bn135/tn_Bn135-29_jpg.jpg HTTP/1.1" 200 2078 "http://www.nudistfun.com/magazines/bn135/index.html" "Mozilla/5.0 (Windows NT 10.0; Win64; x64; rv:63.0) Gecko/20100101 Firefox/63.0"
37.186.6.156 - - [02/Dec/2018:18:05:04 -0500] "GET /magazines/bn135/tn_Bn135-30_jpg.jpg HTTP/1.1" 200 2347 "http://www.nudistfun.com/magazines/bn135/index.html" "Mozilla/5.0 (Windows NT 10.0; Win64; x64; rv:63.0) Gecko/20100101 Firefox/63.0"
37.186.6.156 - - [02/Dec/2018:18:05:04 -0500] "GET /magazines/bn135/tn_Bn135-31_jpg.jpg HTTP/1.1" 200 2313 "http://www.nudistfun.com/magazines/bn135/index.html" "Mozilla/5.0 (Windows NT 10.0; Win64; x64; rv:63.0) Gecko/20100101 Firefox/63.0"
54.36.149.73 - - [02/Dec/2018:18:05:04 -0500] "GET /archive/2004/c032604/sun070.jpg HTTP/1.1" 200 131363 "-" "Mozilla/5.0 (compatible; AhrefsBot/5.2; +http://ahrefs.com/robot/)"
37.186.6.156 - - [02/Dec/2018:18:05:04 -0500] "GET /magazines/bn135/tn_Bn135-32_jpg.jpg HTTP/1.1" 200 2265 "http://www.nudistfun.com/magazines/bn135/index.html" "Mozilla/5.0 (Windows NT 10.0; Win64; x64; rv:63.0) Gecko/20100101 Firefox/63.0"
64.233.173.22 - - [02/Dec/2018:18:05:03 -0500] "GET /videos/2007/naturistgames02.wmv HTTP/1.1" 200 1602340 "-" "Mozilla/5.0 (Linux; Android 6.0.1; Redmi Note 3) AppleWebKit/537.36 (KHTML, like Gecko) Chrome/70.0.3538.110 Mobile Safari/537.36"
37.186.6.156 - - [02/Dec/2018:18:05:04 -0500] "GET /magazines/bn135/tn_Bn135-33_jpg.jpg HTTP/1.1" 200 2406 "http://www.nudistfun.com/magazines/bn135/index.html" "Mozilla/5.0 (Windows NT 10.0; Win64; x64; rv:63.0) Gecko/20100101 Firefox/63.0"
37.186.6.156 - - [02/Dec/2018:18:05:04 -0500] "GET /magazines/bn135/tn_Bn135-34_jpg.jpg HTTP/1.1" 200 3194 "http://www.nudistfun.com/magazines/bn135/index.html" "Mozilla/5.0 (Windows NT 10.0; Win64; x64; rv:63.0) Gecko/20100101 Firefox/63.0"
37.186.6.156 - - [02/Dec/2018:18:05:04 -0500] "GET /magazines/bn135/tn_Bn135-35_jpg.jpg HTTP/1.1" 200 2444 "http://www.nudistfun.com/magazines/bn135/index.html" "Mozilla/5.0 (Windows NT 10.0; Win64; x64; rv:63.0) Gecko/20100101 Firefox/63.0"
37.186.6.156 - - [02/Dec/2018:18:05:04 -0500] "GET /magazines/bn135/tn_Bn135-36_jpg.jpg HTTP/1.1" 200 2502 "http://www.nudistfun.com/magazines/bn135/index.html" "Mozilla/5.0 (Windows NT 10.0; Win64; x64; rv:63.0) Gecko/20100101 Firefox/63.0"
37.186.6.156 - - [02/Dec/2018:18:05:04 -0500] "GET /magazines/bn135/tn_Bn135-37_jpg.jpg HTTP/1.1" 200 2587 "http://www.nudistfun.com/magazines/bn135/index.html" "Mozilla/5.0 (Windows NT 10.0; Win64; x64; rv:63.0) Gecko/20100101 Firefox/63.0"
62.47.6.63 - - [02/Dec/2018:18:05:03 -0500] "GET /FamilyPageant1_0009.JPG HTTP/1.1" 200 2980984 "https://www.google.at/" "Mozilla/5.0 (Linux; Android 7.0; SM-A520F Build/NRD90M) AppleWebKit/537.36 (KHTML, like Gecko) Chrome/63.0.3239.111 Mobile Safari/537.36"
37.186.6.156 - - [02/Dec/2018:18:05:05 -0500] "GET /magazines/bn135/tn_Bn135-38_jpg.jpg HTTP/1.1" 200 2456 "http://www.nudistfun.com/magazines/bn135/index.html" "Mozilla/5.0 (Windows NT 10.0; Win64; x64; rv:63.0) Gecko/20100101 Firefox/63.0"
37.186.6.156 - - [02/Dec/2018:18:05:05 -0500] "GET /magazines/bn135/Bn135-19.jpg HTTP/1.1" 200 117701 "http://www.nudistfun.com/magazines/bn135/index.html" "Mozilla/5.0 (Windows NT 10.0; Win64; x64; rv:63.0) Gecko/20100101 Firefox/63.0"
37.186.6.156 - - [02/Dec/2018:18:05:05 -0500] "GET /magazines/bn135/tn_Bn135-39_jpg.jpg HTTP/1.1" 200 2331 "http://www.nudistfun.com/magazines/bn135/index.html" "Mozilla/5.0 (Windows NT 10.0; Win64; x64; rv:63.0) Gecko/20100101 Firefox/63.0"
37.186.6.156 - - [02/Dec/2018:18:05:05 -0500] "GET /magazines/bn135/tn_Bn135-40_jpg.jpg HTTP/1.1" 200 2602 "http://www.nudistfun.com/magazines/bn135/index.html" "Mozilla/5.0 (Windows NT 10.0; Win64; x64; rv:63.0) Gecko/20100101 Firefox/63.0"
37.186.6.156 - - [02/Dec/2018:18:05:06 -0500] "GET /magazines/bn135/tn_Bn135-41_jpg.jpg HTTP/1.1" 200 2040 "http://www.nudistfun.com/magazines/bn135/index.html" "Mozilla/5.0 (Windows NT 10.0; Win64; x64; rv:63.0) Gecko/20100101 Firefox/63.0"
52.48.137.31 - - [02/Dec/2018:18:05:05 -0500] "GET /FamilyPageant1_0002.JPG HTTP/1.1" 200 4208699 "-" "-"
37.186.6.156 - - [02/Dec/2018:18:05:06 -0500] "GET /magazines/bn135/tn_Bn135-42_jpg.jpg HTTP/1.1" 200 2301 "http://www.nudistfun.com/magazines/bn135/index.html" "Mozilla/5.0 (Windows NT 10.0; Win64; x64; rv:63.0) Gecko/20100101 Firefox/63.0"
37.186.6.156 - - [02/Dec/2018:18:05:06 -0500] "GET /magazines/bn135/tn_Bn135-43_jpg.jpg HTTP/1.1" 200 2353 "http://www.nudistfun.com/magazines/bn135/index.html" "Mozilla/5.0 (Windows NT 10.0; Win64; x64; rv:63.0) Gecko/20100101 Firefox/63.0"
37.186.6.156 - - [02/Dec/2018:18:05:06 -0500] "GET /magazines/bn135/Bn135-18.jpg HTTP/1.1" 200 125169 "http://www.nudistfun.com/magazines/bn135/index.html" "Mozilla/5.0 (Windows NT 10.0; Win64; x64; rv:63.0) Gecko/20100101 Firefox/63.0"
79.115.168.60 - - [02/Dec/2018:18:05:07 -0500] "GET /magazines/sonnenstrand/page.html HTTP/1.1" 200 1654 "http://www.nudistfun.com/magazines/index.html" "Mozilla/5.0 (Linux; Android 7.0; SM-T713) AppleWebKit/537.36 (KHTML, like Gecko) Chrome/70.0.3538.110 Safari/537.36"
79.115.168.60 - - [02/Dec/2018:18:05:07 -0500] "GET /magazines/sonnenstrand/tn_intermezzi07_jpg.jpg HTTP/1.1" 200 1981 "http://www.nudistfun.com/magazines/sonnenstrand/page.html" "Mozilla/5.0 (Linux; Android 7.0; SM-T713) AppleWebKit/537.36 (KHTML, like Gecko) Chrome/70.0.3538.110 Safari/537.36"
79.115.168.60 - - [02/Dec/2018:18:05:07 -0500] "GET /magazines/sonnenstrand/tn_intermezzi17_jpg.jpg HTTP/1.1" 200 2234 "http://www.nudistfun.com/magazines/sonnenstrand/page.html" "Mozilla/5.0 (Linux; Android 7.0; SM-T713) AppleWebKit/537.36 (KHTML, like Gecko) Chrome/70.0.3538.110 Safari/537.36"
79.115.168.60 - - [02/Dec/2018:18:05:07 -0500] "GET /magazines/sonnenstrand/tn_intermezzi11_jpg.jpg HTTP/1.1" 200 1903 "http://www.nudistfun.com/magazines/sonnenstrand/page.html" "Mozilla/5.0 (Linux; Android 7.0; SM-T713) AppleWebKit/537.36 (KHTML, like Gecko) Chrome/70.0.3538.110 Safari/537.36"
79.115.168.60 - - [02/Dec/2018:18:05:07 -0500] "GET /magazines/sonnenstrand/tn_intermezzi14_jpg.jpg HTTP/1.1" 200 2619 "http://www.nudistfun.com/magazines/sonnenstrand/page.html" "Mozilla/5.0 (Linux; Android 7.0; SM-T713) AppleWebKit/537.36 (KHTML, like Gecko) Chrome/70.0.3538.110 Safari/537.36"
79.115.168.60 - - [02/Dec/2018:18:05:07 -0500] "GET /magazines/sonnenstrand/tn_intermezzi25_jpg.jpg HTTP/1.1" 200 2088 "http://www.nudistfun.com/magazines/sonnenstrand/page.html" "Mozilla/5.0 (Linux; Android 7.0; SM-T713) AppleWebKit/537.36 (KHTML, like Gecko) Chrome/70.0.3538.110 Safari/537.36"
79.115.168.60 - - [02/Dec/2018:18:05:07 -0500] "GET /magazines/sonnenstrand/tn_intermezzi21_jpg.jpg HTTP/1.1" 200 2462 "http://www.nudistfun.com/magazines/sonnenstrand/page.html" "Mozilla/5.0 (Linux; Android 7.0; SM-T713) AppleWebKit/537.36 (KHTML, like Gecko) Chrome/70.0.3538.110 Safari/537.36"
79.115.168.60 - - [02/Dec/2018:18:05:07 -0500] "GET /magazines/sonnenstrand/tn_intermezzi16_jpg.jpg HTTP/1.1" 200 2002 "http://www.nudistfun.com/magazines/sonnenstrand/page.html" "Mozilla/5.0 (Linux; Android 7.0; SM-T713) AppleWebKit/537.36 (KHTML, like Gecko) Chrome/70.0.3538.110 Safari/537.36"
79.115.168.60 - - [02/Dec/2018:18:05:07 -0500] "GET /magazines/sonnenstrand/tn_intermezzi13_jpg.jpg HTTP/1.1" 200 2285 "http://www.nudistfun.com/magazines/sonnenstrand/page.html" "Mozilla/5.0 (Linux; Android 7.0; SM-T713) AppleWebKit/537.36 (KHTML, like Gecko) Chrome/70.0.3538.110 Safari/537.36"
79.115.168.60 - - [02/Dec/2018:18:05:07 -0500] "GET /magazines/sonnenstrand/tn_intermezzi10_jpg.jpg HTTP/1.1" 200 1750 "http://www.nudistfun.com/magazines/sonnenstrand/page.html" "Mozilla/5.0 (Linux; Android 7.0; SM-T713) AppleWebKit/537.36 (KHTML, like Gecko) Chrome/70.0.3538.110 Safari/537.36"
79.115.168.60 - - [02/Dec/2018:18:05:07 -0500] "GET /magazines/sonnenstrand/tn_intermezzi06_jpg.jpg HTTP/1.1" 200 2528 "http://www.nudistfun.com/magazines/sonnenstrand/page.html" "Mozilla/5.0 (Linux; Android 7.0; SM-T713) AppleWebKit/537.36 (KHTML, like Gecko) Chrome/70.0.3538.110 Safari/537.36"
79.115.168.60 - - [02/Dec/2018:18:05:07 -0500] "GET /magazines/sonnenstrand/tn_intermezzi19_jpg.jpg HTTP/1.1" 200 1892 "http://www.nudistfun.com/magazines/sonnenstrand/page.html" "Mozilla/5.0 (Linux; Android 7.0; SM-T713) AppleWebKit/537.36 (KHTML, like Gecko) Chrome/70.0.3538.110 Safari/537.36"
79.115.168.60 - - [02/Dec/2018:18:05:07 -0500] "GET /magazines/sonnenstrand/tn_intermezzi24_jpg.jpg HTTP/1.1" 200 2056 "http://www.nudistfun.com/magazines/sonnenstrand/page.html" "Mozilla/5.0 (Linux; Android 7.0; SM-T713) AppleWebKit/537.36 (KHTML, like Gecko) Chrome/70.0.3538.110 Safari/537.36"
37.186.6.156 - - [02/Dec/2018:18:05:07 -0500] "GET /magazines/bn135/tn_Bn135-44_jpg.jpg HTTP/1.1" 200 3104 "http://www.nudistfun.com/magazines/bn135/index.html" "Mozilla/5.0 (Windows NT 10.0; Win64; x64; rv:63.0) Gecko/20100101 Firefox/63.0"
84.80.225.225 - - [02/Dec/2018:18:05:07 -0500] "GET /favicon.ico HTTP/1.1" 404 619 "-" "Mozilla/5.0 (Windows NT 10.0; Win64; x64; rv:63.0) Gecko/20100101 Firefox/63.0"
84.80.225.225 - - [02/Dec/2018:18:05:08 -0500] "GET /favicon.ico HTTP/1.1" 404 619 "-" "Mozilla/5.0 (Windows NT 10.0; Win64; x64; rv:63.0) Gecko/20100101 Firefox/63.0"
79.115.168.60 - - [02/Dec/2018:18:05:08 -0500] "GET /magazines/sonnenstrand/tn_intermezzi23_jpg.jpg HTTP/1.1" 200 2164 "http://www.nudistfun.com/magazines/sonnenstrand/page.html" "Mozilla/5.0 (Linux; Android 7.0; SM-T713) AppleWebKit/537.36 (KHTML, like Gecko) Chrome/70.0.3538.110 Safari/537.36"
79.115.168.60 - - [02/Dec/2018:18:05:08 -0500] "GET /magazines/sonnenstrand/tn_intermezzi12_jpg.jpg HTTP/1.1" 200 1932 "http://www.nudistfun.com/magazines/sonnenstrand/page.html" "Mozilla/5.0 (Linux; Android 7.0; SM-T713) AppleWebKit/537.36 (KHTML, like Gecko) Chrome/70.0.3538.110 Safari/537.36"
79.115.168.60 - - [02/Dec/2018:18:05:08 -0500] "GET /magazines/sonnenstrand/tn_intermezzi20_jpg.jpg HTTP/1.1" 200 2171 "http://www.nudistfun.com/magazines/sonnenstrand/page.html" "Mozilla/5.0 (Linux; Android 7.0; SM-T713) AppleWebKit/537.36 (KHTML, like Gecko) Chrome/70.0.3538.110 Safari/537.36"
79.115.168.60 - - [02/Dec/2018:18:05:08 -0500] "GET /magazines/sonnenstrand/tn_intermezzi15_jpg.jpg HTTP/1.1" 200 2380 "http://www.nudistfun.com/magazines/sonnenstrand/page.html" "Mozilla/5.0 (Linux; Android 7.0; SM-T713) AppleWebKit/537.36 (KHTML, like Gecko) Chrome/70.0.3538.110 Safari/537.36"
79.115.168.60 - - [02/Dec/2018:18:05:08 -0500] "GET /magazines/sonnenstrand/tn_intermezzi08_jpg.jpg HTTP/1.1" 200 1847 "http://www.nudistfun.com/magazines/sonnenstrand/page.html" "Mozilla/5.0 (Linux; Android 7.0; SM-T713) AppleWebKit/537.36 (KHTML, like Gecko) Chrome/70.0.3538.110 Safari/537.36"
79.115.168.60 - - [02/Dec/2018:18:05:08 -0500] "GET /magazines/sonnenstrand/tn_intermezzi22_jpg.jpg HTTP/1.1" 200 1836 "http://www.nudistfun.com/magazines/sonnenstrand/page.html" "Mozilla/5.0 (Linux; Android 7.0; SM-T713) AppleWebKit/537.36 (KHTML, like Gecko) Chrome/70.0.3538.110 Safari/537.36"
37.186.6.156 - - [02/Dec/2018:18:05:08 -0500] "GET /magazines/bn135/tn_Bn135-45_jpg.jpg HTTP/1.1" 200 2324 "http://www.nudistfun.com/magazines/bn135/index.html" "Mozilla/5.0 (Windows NT 10.0; Win64; x64; rv:63.0) Gecko/20100101 Firefox/63.0"
79.115.168.60 - - [02/Dec/2018:18:05:08 -0500] "GET /magazines/sonnenstrand/tn_intermezzi09_jpg.jpg HTTP/1.1" 200 2237 "http://www.nudistfun.com/magazines/sonnenstrand/page.html" "Mozilla/5.0 (Linux; Android 7.0; SM-T713) AppleWebKit/537.36 (KHTML, like Gecko) Chrome/70.0.3538.110 Safari/537.36"
79.115.168.60 - - [02/Dec/2018:18:05:08 -0500] "GET /magazines/sonnenstrand/tn_intermezzi18_jpg.jpg HTTP/1.1" 200 1930 "http://www.nudistfun.com/magazines/sonnenstrand/page.html" "Mozilla/5.0 (Linux; Android 7.0; SM-T713) AppleWebKit/537.36 (KHTML, like Gecko) Chrome/70.0.3538.110 Safari/537.36"
79.115.168.60 - - [02/Dec/2018:18:05:08 -0500] "GET /magazines/sonnenstrand/tn_intermezzi00_jpg.jpg HTTP/1.1" 200 2109 "http://www.nudistfun.com/magazines/sonnenstrand/page.html" "Mozilla/5.0 (Linux; Android 7.0; SM-T713) AppleWebKit/537.36 (KHTML, like Gecko) Chrome/70.0.3538.110 Safari/537.36"
79.115.168.60 - - [02/Dec/2018:18:05:08 -0500] "GET /magazines/sonnenstrand/tn_intermezzi01_jpg.jpg HTTP/1.1" 200 2312 "http://www.nudistfun.com/magazines/sonnenstrand/page.html" "Mozilla/5.0 (Linux; Android 7.0; SM-T713) AppleWebKit/537.36 (KHTML, like Gecko) Chrome/70.0.3538.110 Safari/537.36"
79.115.168.60 - - [02/Dec/2018:18:05:08 -0500] "GET /magazines/sonnenstrand/tn_intermezzi02_jpg.jpg HTTP/1.1" 200 2211 "http://www.nudistfun.com/magazines/sonnenstrand/page.html" "Mozilla/5.0 (Linux; Android 7.0; SM-T713) AppleWebKit/537.36 (KHTML, like Gecko) Chrome/70.0.3538.110 Safari/537.36"
79.115.168.60 - - [02/Dec/2018:18:05:08 -0500] "GET /magazines/sonnenstrand/tn_intermezzi03_jpg.jpg HTTP/1.1" 200 2325 "http://www.nudistfun.com/magazines/sonnenstrand/page.html" "Mozilla/5.0 (Linux; Android 7.0; SM-T713) AppleWebKit/537.36 (KHTML, like Gecko) Chrome/70.0.3538.110 Safari/537.36"
37.186.6.156 - - [02/Dec/2018:18:05:08 -0500] "GET /magazines/bn135/tn_Bn135-46_jpg.jpg HTTP/1.1" 200 2476 "http://www.nudistfun.com/magazines/bn135/index.html" "Mozilla/5.0 (Windows NT 10.0; Win64; x64; rv:63.0) Gecko/20100101 Firefox/63.0"
79.115.168.60 - - [02/Dec/2018:18:05:08 -0500] "GET /magazines/sonnenstrand/tn_intermezzi04_jpg.jpg HTTP/1.1" 200 1416 "http://www.nudistfun.com/magazines/sonnenstrand/page.html" "Mozilla/5.0 (Linux; Android 7.0; SM-T713) AppleWebKit/537.36 (KHTML, like Gecko) Chrome/70.0.3538.110 Safari/537.36"
79.115.168.60 - - [02/Dec/2018:18:05:08 -0500] "GET /magazines/sonnenstrand/tn_intermezzi05_jpg.jpg HTTP/1.1" 200 2352 "http://www.nudistfun.com/magazines/sonnenstrand/page.html" "Mozilla/5.0 (Linux; Android 7.0; SM-T713) AppleWebKit/537.36 (KHTML, like Gecko) Chrome/70.0.3538.110 Safari/537.36"
37.186.6.156 - - [02/Dec/2018:18:05:08 -0500] "GET /magazines/bn135/tn_Bn135-47_jpg.jpg HTTP/1.1" 200 2296 "http://www.nudistfun.com/magazines/bn135/index.html" "Mozilla/5.0 (Windows NT 10.0; Win64; x64; rv:63.0) Gecko/20100101 Firefox/63.0"
99.194.51.223 - - [02/Dec/2018:18:05:08 -0500] "GET /P7290299.jpg HTTP/1.1" 200 316941 "https://www.bing.com/" "Mozilla/5.0 (Linux; Android 7.0; SM-G925T) AppleWebKit/537.36 (KHTML, like Gecko) Chrome/70.0.3538.110 Mobile Safari/537.36"
37.186.6.156 - - [02/Dec/2018:18:05:08 -0500] "GET /magazines/bn135/tn_Bn135-48_jpg.jpg HTTP/1.1" 200 2338 "http://www.nudistfun.com/magazines/bn135/index.html" "Mozilla/5.0 (Windows NT 10.0; Win64; x64; rv:63.0) Gecko/20100101 Firefox/63.0"
37.186.6.156 - - [02/Dec/2018:18:05:08 -0500] "GET /magazines/bn135/tn_Bn135-49_jpg.jpg HTTP/1.1" 200 2219 "http://www.nudistfun.com/magazines/bn135/index.html" "Mozilla/5.0 (Windows NT 10.0; Win64; x64; rv:63.0) Gecko/20100101 Firefox/63.0"
37.186.6.156 - - [02/Dec/2018:18:05:09 -0500] "GET /magazines/bn135/tn_Bn135-50_jpg.jpg HTTP/1.1" 200 2266 "http://www.nudistfun.com/magazines/bn135/index.html" "Mozilla/5.0 (Windows NT 10.0; Win64; x64; rv:63.0) Gecko/20100101 Firefox/63.0"
90.194.118.53 - - [02/Dec/2018:18:05:04 -0500] "GET /DontWorry_0005.JPG HTTP/1.1" 200 1738176 "-" "Mozilla/5.0 (Macintosh; Intel Mac OS X 10_13_6) AppleWebKit/605.1.15 (KHTML, like Gecko) Version/12.0.1 Safari/605.1.15"
37.186.6.156 - - [02/Dec/2018:18:05:09 -0500] "GET /magazines/bn135/tn_Bn135-51_jpg.jpg HTTP/1.1" 200 2378 "http://www.nudistfun.com/magazines/bn135/index.html" "Mozilla/5.0 (Windows NT 10.0; Win64; x64; rv:63.0) Gecko/20100101 Firefox/63.0"
40.77.167.56 - - [02/Dec/2018:18:05:09 -0500] "GET /archive/2006/b012606/RealNudists-BW165.jpg HTTP/1.1" 200 139277 "-" "Mozilla/5.0 (compatible; bingbot/2.0; +http://www.bing.com/bingbot.htm)"
37.186.6.156 - - [02/Dec/2018:18:05:09 -0500] "GET /magazines/bn135/tn_Bn135-52_jpg.jpg HTTP/1.1" 200 2445 "http://www.nudistfun.com/magazines/bn135/index.html" "Mozilla/5.0 (Windows NT 10.0; Win64; x64; rv:63.0) Gecko/20100101 Firefox/63.0"
37.186.6.156 - - [02/Dec/2018:18:05:09 -0500] "GET /magazines/bn135/tn_Bn135-53_jpg.jpg HTTP/1.1" 200 1880 "http://www.nudistfun.com/magazines/bn135/index.html" "Mozilla/5.0 (Windows NT 10.0; Win64; x64; rv:63.0) Gecko/20100101 Firefox/63.0"
37.186.6.156 - - [02/Dec/2018:18:05:09 -0500] "GET /magazines/bn135/tn_Bn135-54_jpg.jpg HTTP/1.1" 200 2110 "http://www.nudistfun.com/magazines/bn135/index.html" "Mozilla/5.0 (Windows NT 10.0; Win64; x64; rv:63.0) Gecko/20100101 Firefox/63.0"
37.186.6.156 - - [02/Dec/2018:18:05:09 -0500] "GET /magazines/bn135/tn_Bn135-55_jpg.jpg HTTP/1.1" 200 2203 "http://www.nudistfun.com/magazines/bn135/index.html" "Mozilla/5.0 (Windows NT 10.0; Win64; x64; rv:63.0) Gecko/20100101 Firefox/63.0"
174.254.194.119 - - [02/Dec/2018:18:05:05 -0500] "GET /FamilyPageant1_0017.JPG HTTP/1.1" 200 5139220 "http://www.nudistfun.com/nude_images.html" "Mozilla/5.0 (Linux; Android 6.0.1; SAMSUNG SM-G930VL Build/MMB29M) AppleWebKit/537.36 (KHTML, like Gecko) SamsungBrowser/4.0 Chrome/44.0.2403.133 Mobile Safari/537.36"
37.186.6.156 - - [02/Dec/2018:18:05:10 -0500] "GET /magazines/bn135/tn_Bn135-56_jpg.jpg HTTP/1.1" 200 2815 "http://www.nudistfun.com/magazines/bn135/index.html" "Mozilla/5.0 (Windows NT 10.0; Win64; x64; rv:63.0) Gecko/20100101 Firefox/63.0"
37.186.6.156 - - [02/Dec/2018:18:05:10 -0500] "GET /magazines/bn135/Bn135-40.jpg HTTP/1.1" 200 139419 "http://www.nudistfun.com/magazines/bn135/index.html" "Mozilla/5.0 (Windows NT 10.0; Win64; x64; rv:63.0) Gecko/20100101 Firefox/63.0"
79.115.168.60 - - [02/Dec/2018:18:05:10 -0500] "GET /magazines/sonnenstrand/intermezzi08.jpg HTTP/1.1" 200 28725 "http://www.nudistfun.com/magazines/sonnenstrand/page.html" "Mozilla/5.0 (Linux; Android 7.0; SM-T713) AppleWebKit/537.36 (KHTML, like Gecko) Chrome/70.0.3538.110 Safari/537.36"
37.186.6.156 - - [02/Dec/2018:18:05:10 -0500] "GET /magazines/bn135/tn_Bn135-57_jpg.jpg HTTP/1.1" 200 2365 "http://www.nudistfun.com/magazines/bn135/index.html" "Mozilla/5.0 (Windows NT 10.0; Win64; x64; rv:63.0) Gecko/20100101 Firefox/63.0"
52.142.94.107 - - [02/Dec/2018:18:05:09 -0500] "GET /FamilyPageant1_0018.JPG HTTP/1.1" 200 5229621 "-" "Mozilla/5.0 (Windows NT 6.1; WOW64) AppleWebKit/534+ (KHTML, like Gecko) BingPreview/1.0b"
31.64.203.64 - - [02/Dec/2018:18:05:10 -0500] "GET /videos/IMG_0787.jpg HTTP/1.1" 200 203711 "https://www.google.co.uk/" "Mozilla/5.0 (Linux; Android 7.0; SAMSUNG SM-G935F Build/NRD90M) AppleWebKit/537.36 (KHTML, like Gecko) SamsungBrowser/7.4 Chrome/59.0.3071.125 Mobile Safari/537.36"
37.186.6.156 - - [02/Dec/2018:18:05:10 -0500] "GET /magazines/bn135/tn_Bn135-58_jpg.jpg HTTP/1.1" 200 2135 "http://www.nudistfun.com/magazines/bn135/index.html" "Mozilla/5.0 (Windows NT 10.0; Win64; x64; rv:63.0) Gecko/20100101 Firefox/63.0"
37.186.6.156 - - [02/Dec/2018:18:05:10 -0500] "GET /magazines/bn135/tn_Bn135-59_jpg.jpg HTTP/1.1" 200 2258 "http://www.nudistfun.com/magazines/bn135/index.html" "Mozilla/5.0 (Windows NT 10.0; Win64; x64; rv:63.0) Gecko/20100101 Firefox/63.0"
37.186.6.156 - - [02/Dec/2018:18:05:11 -0500] "GET /magazines/bn135/tn_Bn135-60_jpg.jpg HTTP/1.1" 200 2336 "http://www.nudistfun.com/magazines/bn135/index.html" "Mozilla/5.0 (Windows NT 10.0; Win64; x64; rv:63.0) Gecko/20100101 Firefox/63.0"
86.180.55.228 - - [02/Dec/2018:18:05:11 -0500] "GET /nudistvideoclub_oa170.jpg HTTP/1.1" 200 319143 "https://www.bing.com/" "Mozilla/5.0 (Windows NT 10.0; Win64; x64) AppleWebKit/537.36 (KHTML, like Gecko) Chrome/70.0.3538.110 Safari/537.36"
37.186.6.156 - - [02/Dec/2018:18:05:11 -0500] "GET /magazines/bn135/tn_Bn135-61_jpg.jpg HTTP/1.1" 200 2623 "http://www.nudistfun.com/magazines/bn135/index.html" "Mozilla/5.0 (Windows NT 10.0; Win64; x64; rv:63.0) Gecko/20100101 Firefox/63.0"
37.186.6.156 - - [02/Dec/2018:18:05:11 -0500] "GET /magazines/bn135/tn_Bn135-62_jpg.jpg HTTP/1.1" 200 2351 "http://www.nudistfun.com/magazines/bn135/index.html" "Mozilla/5.0 (Windows NT 10.0; Win64; x64; rv:63.0) Gecko/20100101 Firefox/63.0"
58.108.108.32 - - [02/Dec/2018:18:05:11 -0500] "GET /archive/2002/c010502/moppet2-03.jpg HTTP/1.1" 200 226058 "-" "Mozilla/5.0 (iPad; CPU OS 12_1 like Mac OS X) AppleWebKit/605.1.15 (KHTML, like Gecko) Version/12.0 Mobile/15E148 Safari/604.1"
37.186.6.156 - - [02/Dec/2018:18:05:12 -0500] "GET /magazines/bn135/Bn135-37.jpg HTTP/1.1" 200 134112 "http://www.nudistfun.com/magazines/bn135/index.html" "Mozilla/5.0 (Windows NT 10.0; Win64; x64; rv:63.0) Gecko/20100101 Firefox/63.0"
37.186.6.156 - - [02/Dec/2018:18:05:12 -0500] "GET /magazines/bn135/tn_Bn135-63_jpg.jpg HTTP/1.1" 200 2801 "http://www.nudistfun.com/magazines/bn135/index.html" "Mozilla/5.0 (Windows NT 10.0; Win64; x64; rv:63.0) Gecko/20100101 Firefox/63.0"
100.34.62.209 - - [02/Dec/2018:18:05:12 -0500] "GET /archive/2004/b120604/Gd18038.jpg HTTP/1.1" 200 64160 "https://www.google.com/" "Mozilla/5.0 (iPhone; CPU iPhone OS 12_1 like Mac OS X) AppleWebKit/605.1.15 (KHTML, like Gecko) Version/12.0 Mobile/15E148 Safari/604.1"
37.186.6.156 - - [02/Dec/2018:18:05:12 -0500] "GET /magazines/bn135/tn_Bn135-64_jpg.jpg HTTP/1.1" 200 2665 "http://www.nudistfun.com/magazines/bn135/index.html" "Mozilla/5.0 (Windows NT 10.0; Win64; x64; rv:63.0) Gecko/20100101 Firefox/63.0"
37.186.6.156 - - [02/Dec/2018:18:05:12 -0500] "GET /favicon.ico HTTP/1.1" 404 619 "-" "Mozilla/5.0 (Windows NT 10.0; Win64; x64; rv:63.0) Gecko/20100101 Firefox/63.0"
37.186.6.156 - - [02/Dec/2018:18:05:13 -0500] "GET /favicon.ico HTTP/1.1" 404 619 "-" "Mozilla/5.0 (Windows NT 10.0; Win64; x64; rv:63.0) Gecko/20100101 Firefox/63.0"
37.186.6.156 - - [02/Dec/2018:18:05:13 -0500] "GET /favicon.ico HTTP/1.1" 404 619 "-" "Mozilla/5.0 (Windows NT 10.0; Win64; x64; rv:63.0) Gecko/20100101 Firefox/63.0"
37.186.6.156 - - [02/Dec/2018:18:05:13 -0500] "GET /favicon.ico HTTP/1.1" 404 619 "-" "Mozilla/5.0 (Windows NT 10.0; Win64; x64; rv:63.0) Gecko/20100101 Firefox/63.0"
37.186.6.156 - - [02/Dec/2018:18:05:13 -0500] "GET /favicon.ico HTTP/1.1" 404 619 "-" "Mozilla/5.0 (Windows NT 10.0; Win64; x64; rv:63.0) Gecko/20100101 Firefox/63.0"
162.246.102.58 - - [02/Dec/2018:18:05:14 -0500] "GET /archive/2002/c052602/etaphro14072001ps04.jpg HTTP/1.1" 200 109217 "-" "Mozilla/5.0 (Macintosh; Intel Mac OS X 10.13; rv:63.0) Gecko/20100101 Firefox/63.0"
37.186.6.156 - - [02/Dec/2018:18:05:14 -0500] "GET /favicon.ico HTTP/1.1" 404 619 "-" "Mozilla/5.0 (Windows NT 10.0; Win64; x64; rv:63.0) Gecko/20100101 Firefox/63.0"
162.246.102.58 - - [02/Dec/2018:18:05:14 -0500] "GET /archive/2002/c052402/etaphro12072001ps13.jpg HTTP/1.1" 200 100875 "-" "Mozilla/5.0 (Macintosh; Intel Mac OS X 10.13; rv:63.0) Gecko/20100101 Firefox/63.0"
